
Running 77 tests using 2 workers

(node:25271) Warning: The 'NO_COLOR' env is ignored due to the 'FORCE_COLOR' env being set.
(Use `node --trace-warnings ...` to show where the warning was created)
(node:25272) Warning: The 'NO_COLOR' env is ignored due to the 'FORCE_COLOR' env being set.
(Use `node --trace-warnings ...` to show where the warning was created)
  ✓   1 [chromium] › e2e/architecture.spec.ts:40:1 › demo fixtures never store the index inside the vault (111ms)
  ✓   2 [chromium] › e2e/architecture.spec.ts:108:1 › daily panel shows the index is never in the vault (437ms)
  ✓   3 [chromium] › e2e/architecture.spec.ts:116:1 › ai panel shows upload refused without opt-in (504ms)
  ✓   4 [chromium] › e2e/daily.spec.ts:4:1 › daily note uses deterministic daily/YYYY-MM-DD.md path (395ms)
  ✓   5 [chromium] › e2e/daily.spec.ts:10:1 › daily note logical id is rendered (409ms)
  ✓   6 [chromium] › e2e/daily.spec.ts:16:1 › idempotent ensure is yes (488ms)
  ✓   7 [chromium] › e2e/daily.spec.ts:22:1 › day nav prev/today/next match the rendered fixture (379ms)
  ✓   8 [chromium] › e2e/daily.spec.ts:32:1 › created-today list has rows (340ms)
  ✓  10 [chromium] › e2e/daily.spec.ts:48:1 › created-today does not rewrite daily.md (481ms)
  ✓   9 [chromium] › e2e/daily.spec.ts:37:1 › clicking a created-today row reveals detail (912ms)
  ✓  12 [chromium] › e2e/editor.spec.ts:4:1 › editor destination loads as an AST HTML preview (319ms)
  ✓  11 [chromium] › e2e/daily.spec.ts:56:1 › index is never stored in the vault (491ms)
  ✓  14 [chromium] › e2e/editor.spec.ts:25:1 › slash simulation list is visible (304ms)
  ✓  13 [chromium] › e2e/editor.spec.ts:16:1 › rich block kinds list tables, toggles, and callouts (420ms)
  ✓  15 [chromium] › e2e/editor.spec.ts:35:1 › query embed does not store results in the body (422ms)
  ✓  16 [chromium] › e2e/editor.spec.ts:42:1 › block-to-object conversion inserts a wiki-link (543ms)
  ✓  17 [chromium] › e2e/integrations.spec.ts:4:1 › upload is refused without opt-in (474ms)
  ✓  18 [chromium] › e2e/integrations.spec.ts:12:1 › credentials live outside the vault (465ms)
  ✓  20 [chromium] › e2e/integrations.spec.ts:31:1 › meetings are created via ObjectServing (379ms)
  ✓  19 [chromium] › e2e/integrations.spec.ts:20:1 › event chrome does not rewrite daily.md (597ms)
  ✓  21 [chromium] › e2e/integrations.spec.ts:39:1 › apple index is never stored in the vault (516ms)
  ✓  22 [chromium] › e2e/integrations.spec.ts:47:1 › safari clipper uses the same Capture inbox (618ms)
  ✓  24 [chromium] › e2e/integrations.spec.ts:62:1 › safari inbox is empty after drain (430ms)
  ✓  23 [chromium] › e2e/integrations.spec.ts:54:1 › weblink url property is rendered (613ms)
  ✓  26 [chromium] › e2e/retrieval.spec.ts:4:1 › backlinks list is visible on the links panel (378ms)
  ✓  25 [chromium] › e2e/integrations.spec.ts:70:1 › safari index is never from the extension (434ms)
  ✓  27 [chromium] › e2e/retrieval.spec.ts:10:1 › graph has nodes from the links index (364ms)
  ✓  28 [chromium] › e2e/retrieval.spec.ts:15:1 › clicking a graph node updates selection text (622ms)
  ✓  29 [chromium] › e2e/retrieval.spec.ts:26:1 › tag aliases are surfaced on the tags panel (494ms)
  ✓  30 [chromium] › e2e/retrieval.spec.ts:34:1 › search lists FTS hits from the demo fixture (537ms)
  ✓  31 [chromium] › e2e/retrieval.spec.ts:43:1 › search index is never stored in the vault (505ms)
  ✓  32 [chromium] › e2e/shell.spec.ts:18:1 › default / loads Daily destination (422ms)
  ✓  33 [chromium] › e2e/shell.spec.ts:23:1 › shell chrome shows loci-shell, sidebar, detail, and inspector (400ms)
  ✓  35 [chromium] › e2e/shell.spec.ts:39:3 › primary nav Daily switches destination to daily (728ms)
  ✓  36 [chromium] › e2e/shell.spec.ts:39:3 › primary nav Tasks switches destination to tasks (621ms)
  ✓  34 [chromium] › e2e/shell.spec.ts:33:1 › ?panel=settings deep-links to settings destination (1.9s)
  ✓  37 [chromium] › e2e/shell.spec.ts:39:3 › primary nav Search switches destination to search (827ms)
  ✓  38 [chromium] › e2e/shell.spec.ts:39:3 › primary nav Types switches destination to types (895ms)
  ✓  40 [chromium] › e2e/shell.spec.ts:56:3 › every panel leaves loading — destination is daily (266ms)
  ✓  39 [chromium] › e2e/shell.spec.ts:39:3 › primary nav Settings switches destination to settings (2.1s)
  ✓  41 [chromium] › e2e/shell.spec.ts:56:3 › every panel leaves loading — destination is tasks (1.5s)
  ✓  42 [chromium] › e2e/shell.spec.ts:56:3 › every panel leaves loading — destination is search (452ms)
  ✓  43 [chromium] › e2e/shell.spec.ts:56:3 › every panel leaves loading — destination is types (455ms)
  ✓  45 [chromium] › e2e/shell.spec.ts:56:3 › every panel leaves loading — destination is gallery (314ms)
  ✓  44 [chromium] › e2e/shell.spec.ts:56:3 › every panel leaves loading — destination is settings (584ms)
  ✓  46 [chromium] › e2e/shell.spec.ts:56:3 › every panel leaves loading — destination is markdown (292ms)
  ✓  47 [chromium] › e2e/shell.spec.ts:56:3 › every panel leaves loading — destination is editor (394ms)
  ✓  49 [chromium] › e2e/shell.spec.ts:56:3 › every panel leaves loading — destination is tags (311ms)
  ✓  50 [chromium] › e2e/shell.spec.ts:56:3 › every panel leaves loading — destination is media (263ms)
  ✓  51 [chromium] › e2e/shell.spec.ts:56:3 › every panel leaves loading — destination is graph (300ms)
  ✓  52 [chromium] › e2e/shell.spec.ts:56:3 › every panel leaves loading — destination is calendar (285ms)
  ✓  48 [chromium] › e2e/shell.spec.ts:56:3 › every panel leaves loading — destination is links (1.5s)
  ✓  53 [chromium] › e2e/shell.spec.ts:56:3 › every panel leaves loading — destination is capture (437ms)
  ✓  55 [chromium] › e2e/shell.spec.ts:56:3 › every panel leaves loading — destination is type-convert (268ms)
  ✓  56 [chromium] › e2e/shell.spec.ts:56:3 › every panel leaves loading — destination is ai (723ms)
  ✓  57 [chromium] › e2e/shell.spec.ts:56:3 › every panel leaves loading — destination is apple (398ms)
  ✓  58 [chromium] › e2e/shell.spec.ts:56:3 › every panel leaves loading — destination is safari (268ms)
  ✓  59 [chromium] › e2e/shell.spec.ts:65:1 › pinned Inbox is disabled (327ms)
  ✓  54 [chromium] › e2e/shell.spec.ts:56:3 › every panel leaves loading — destination is import (2.5s)
  ✓  60 [chromium] › e2e/types.spec.ts:4:1 › PARA starter pack surfaces Project, Area, Resource, and Archive (809ms)
  ✓  61 [chromium] › e2e/types.spec.ts:23:1 › type list and Books dashboard load from fixtures (657ms)
  ✓  62 [chromium] › e2e/types.spec.ts:35:1 › collection tabs filter the Books list by vault membership (1.0s)
  ✓  64 [chromium] › e2e/types.spec.ts:62:1 › pinned query results are visible from the live index (551ms)
  ✓  65 [chromium] › e2e/types.spec.ts:71:1 › type convert refuses Daily and keeps ObjectID stable (413ms)
  ✓  63 [chromium] › e2e/types.spec.ts:49:1 › collections membership is surfaced as a vault JSON file (2.3s)
  ✓  66 [chromium] › e2e/vault.spec.ts:4:1 › markdown round-trip input and serialized panes are visible (383ms)
  ✓  67 [chromium] › e2e/vault.spec.ts:12:1 › markdown round-trip is stable (342ms)
  ✓  68 [chromium] › e2e/vault.spec.ts:18:1 › markdown documents are readable files not a database (646ms)
  ✓  70 [chromium] › e2e/vault.spec.ts:55:1 › imported vault paths are .md files not a database (460ms)
  ✓  69 [chromium] › e2e/vault.spec.ts:30:1 › import proof flags from demo-import are yes (776ms)
  ✓  71 [chromium] › e2e/vault.spec.ts:80:1 › settings sync chip and live status load from demo-sync (560ms)
  ✓  72 [chromium] › e2e/vault.spec.ts:68:1 › settings shows local Documents fallback and index never in the vault (560ms)
  ✓  74 [chromium] › e2e/work.spec.ts:18:1 › tasks proof records page toggle completed without persisting checkbox clicks (404ms)
  ✓  73 [chromium] › e2e/work.spec.ts:4:1 › today and open task lists are visible (538ms)
  ✓  75 [chromium] › e2e/work.spec.ts:31:1 › media attachment paths live under media/ (414ms)
  ✓  77 [chromium] › e2e/work.spec.ts:59:1 › capture drain empties inbox and indexes on foreground only (419ms)
  ✓  76 [chromium] › e2e/work.spec.ts:42:1 › clicking a calendar day updates selection to daily/<key>.md (886ms)

  77 passed (24.3s)
