==> playwright install chromium
Installing dependencies...
Switching to root user to install dependencies...
Hit:1 http://archive.ubuntu.com/ubuntu noble InRelease
Get:2 http://archive.ubuntu.com/ubuntu noble-updates InRelease [126 kB]
Get:3 https://dl.google.com/linux/chrome/deb stable InRelease [2,548 B]
Get:4 https://dl.google.com/linux/chrome-stable/deb stable InRelease [2,548 B]
Get:5 http://security.ubuntu.com/ubuntu noble-security InRelease [126 kB]
Get:6 http://archive.ubuntu.com/ubuntu noble-backports InRelease [126 kB]
Get:7 https://dl.google.com/linux/chrome/deb stable/main amd64 Packages [1,413 B]
Get:8 http://archive.ubuntu.com/ubuntu noble-updates/universe amd64 Packages [2,141 kB]
Get:9 https://dl.google.com/linux/chrome-stable/deb stable/main amd64 Packages [1,413 B]
Get:10 http://archive.ubuntu.com/ubuntu noble-updates/main amd64 Packages [1,478 kB]
Fetched 4,006 kB in 1s (7,584 kB/s)
Reading package lists...
Reading package lists...
Building dependency tree...
Reading state information...
libasound2t64 is already the newest version (1.2.11-1ubuntu0.3).
libatk-bridge2.0-0t64 is already the newest version (2.52.0-1build1).
libatk1.0-0t64 is already the newest version (2.52.0-1build1).
libatspi2.0-0t64 is already the newest version (2.52.0-1build1).
libcairo2 is already the newest version (1.18.0-3build1).
libcups2t64 is already the newest version (2.4.7-1.2ubuntu7.14).
libdbus-1-3 is already the newest version (1.14.10-4ubuntu4.1).
libdrm2 is already the newest version (2.4.125-1ubuntu0.1~24.04.2).
libdrm2 set to manually installed.
libgbm1 is already the newest version (25.2.8-0ubuntu0.24.04.2).
libglib2.0-0t64 is already the newest version (2.80.0-6ubuntu3.8).
libnspr4 is already the newest version (2:4.35-1.1build1).
libnss3 is already the newest version (2:3.98-1ubuntu0.2).
libpango-1.0-0 is already the newest version (1.52.1+ds-1build1).
libx11-6 is already the newest version (2:1.8.7-1build1).
libxcb1 is already the newest version (1.15-1ubuntu2).
libxcomposite1 is already the newest version (1:0.4.5-1build3).
libxdamage1 is already the newest version (1:1.1.6-1build1).
libxext6 is already the newest version (2:1.3.4-1build2).
libxfixes3 is already the newest version (1:6.0.0-2build1).
libxkbcommon0 is already the newest version (1.6.0-1build1).
libxrandr2 is already the newest version (2:1.5.2-2build1).
xvfb is already the newest version (2:21.1.12-1ubuntu1.6).
fonts-noto-color-emoji is already the newest version (2.047-0ubuntu0.24.04.1).
fonts-unifont is already the newest version (1:15.1.01-1build1).
libfontconfig1 is already the newest version (2.15.0-1.1ubuntu2).
libfreetype6 is already the newest version (2.13.2+dfsg-1ubuntu0.1).
xfonts-cyrillic is already the newest version (1:1.0.5+nmu1).
xfonts-scalable is already the newest version (1:1.0.3-1.3).
fonts-liberation is already the newest version (1:2.1.5-3).
fonts-ipafont-gothic is already the newest version (00303-21ubuntu1).
fonts-wqy-zenhei is already the newest version (0.9.45-8).
fonts-tlwg-loma-otf is already the newest version (1:0.7.3-1).
fonts-freefont-ttf is already the newest version (20211204+svn4273-2).
0 upgraded, 0 newly installed, 0 to remove and 82 not upgraded.
==> playwright test

Running 78 tests using 2 workers

(node:31877) Warning: The 'NO_COLOR' env is ignored due to the 'FORCE_COLOR' env being set.
(Use `node --trace-warnings ...` to show where the warning was created)
(node:31876) Warning: The 'NO_COLOR' env is ignored due to the 'FORCE_COLOR' env being set.
(Use `node --trace-warnings ...` to show where the warning was created)
  ✓   1 [chromium] › e2e/architecture.spec.ts:41:1 › demo fixtures never store the index inside the vault (114ms)
  ✓   3 [chromium] › e2e/architecture.spec.ts:117:1 › ai panel shows upload refused without opt-in (459ms)
  ✓   2 [chromium] › e2e/architecture.spec.ts:109:1 › daily panel shows the index is never in the vault (806ms)
  ✓   4 [chromium] › e2e/daily.spec.ts:4:1 › daily note uses deterministic daily/YYYY-MM-DD.md path (346ms)
  ✓   6 [chromium] › e2e/daily.spec.ts:16:1 › idempotent ensure is yes (331ms)
  ✓   5 [chromium] › e2e/daily.spec.ts:10:1 › daily note logical id is rendered (657ms)
  ✓   7 [chromium] › e2e/daily.spec.ts:22:1 › day nav prev/today/next match the rendered fixture (371ms)
  ✓   8 [chromium] › e2e/daily.spec.ts:32:1 › created-today list has rows (497ms)
  ✓   9 [chromium] › e2e/daily.spec.ts:37:1 › clicking a created-today row reveals detail (678ms)
  ✓  10 [chromium] › e2e/daily.spec.ts:48:1 › created-today does not rewrite daily.md (605ms)
  ✓  12 [chromium] › e2e/editor.spec.ts:4:1 › editor destination loads as an AST HTML preview (562ms)
  ✓  11 [chromium] › e2e/daily.spec.ts:56:1 › index is never stored in the vault (893ms)
  ✓  13 [chromium] › e2e/editor.spec.ts:16:1 › rich block kinds list tables, toggles, and callouts (308ms)
  ✓  15 [chromium] › e2e/editor.spec.ts:35:1 › query embed does not store results in the body (330ms)
  ✓  14 [chromium] › e2e/editor.spec.ts:25:1 › slash simulation list is visible (605ms)
  ✓  17 [chromium] › e2e/integrations.spec.ts:4:1 › upload is refused without opt-in (364ms)
  ✓  16 [chromium] › e2e/editor.spec.ts:42:1 › block-to-object conversion inserts a wiki-link (508ms)
  ✓  18 [chromium] › e2e/integrations.spec.ts:12:1 › credentials live outside the vault (447ms)
  ✓  19 [chromium] › e2e/integrations.spec.ts:20:1 › event chrome does not rewrite daily.md (518ms)
  ✓  20 [chromium] › e2e/integrations.spec.ts:31:1 › meetings are created via ObjectServing (517ms)
  ✓  21 [chromium] › e2e/integrations.spec.ts:39:1 › apple index is never stored in the vault (454ms)
  ✓  23 [chromium] › e2e/integrations.spec.ts:54:1 › weblink url property is rendered (493ms)
  ✓  22 [chromium] › e2e/integrations.spec.ts:47:1 › safari clipper uses the same Capture inbox (664ms)
  ✓  24 [chromium] › e2e/integrations.spec.ts:62:1 › safari inbox is empty after drain (505ms)
  ✓  25 [chromium] › e2e/integrations.spec.ts:70:1 › safari index is never from the extension (624ms)
  ✓  26 [chromium] › e2e/retrieval.spec.ts:4:1 › backlinks list is visible on the links panel (469ms)
  ✓  27 [chromium] › e2e/retrieval.spec.ts:10:1 › graph has nodes from the links index (339ms)
  ✓  29 [chromium] › e2e/retrieval.spec.ts:26:1 › tag aliases are surfaced on the tags panel (340ms)
  ✓  30 [chromium] › e2e/retrieval.spec.ts:34:1 › search lists FTS hits from the demo fixture (390ms)
  ✓  28 [chromium] › e2e/retrieval.spec.ts:15:1 › clicking a graph node updates selection text (876ms)
  ✓  31 [chromium] › e2e/retrieval.spec.ts:43:1 › search index is never stored in the vault (292ms)
  ✓  32 [chromium] › e2e/shell.spec.ts:18:1 › default / loads Daily destination (576ms)
  ✓  33 [chromium] › e2e/shell.spec.ts:23:1 › shell chrome shows loci-shell, sidebar, detail, and inspector (533ms)
  ✓  34 [chromium] › e2e/shell.spec.ts:33:1 › ?panel=settings deep-links to settings destination (417ms)
  ✓  35 [chromium] › e2e/shell.spec.ts:39:3 › primary nav Daily switches destination to daily (752ms)
  ✓  37 [chromium] › e2e/shell.spec.ts:39:3 › primary nav Search switches destination to search (998ms)
  ✓  36 [chromium] › e2e/shell.spec.ts:39:3 › primary nav Tasks switches destination to tasks (1.5s)
  ✓  38 [chromium] › e2e/shell.spec.ts:39:3 › primary nav Types switches destination to types (844ms)
  ✓  39 [chromium] › e2e/shell.spec.ts:39:3 › primary nav Settings switches destination to settings (872ms)
  ✓  40 [chromium] › e2e/shell.spec.ts:56:3 › every panel leaves loading — destination is daily (351ms)
  ✓  42 [chromium] › e2e/shell.spec.ts:56:3 › every panel leaves loading — destination is search (477ms)
  ✓  43 [chromium] › e2e/shell.spec.ts:56:3 › every panel leaves loading — destination is types (647ms)
  ✓  44 [chromium] › e2e/shell.spec.ts:56:3 › every panel leaves loading — destination is settings (276ms)
  ✓  45 [chromium] › e2e/shell.spec.ts:56:3 › every panel leaves loading — destination is gallery (365ms)
  ✓  46 [chromium] › e2e/shell.spec.ts:56:3 › every panel leaves loading — destination is markdown (304ms)
  ✓  41 [chromium] › e2e/shell.spec.ts:56:3 › every panel leaves loading — destination is tasks (4.1s)
  ✓  48 [chromium] › e2e/shell.spec.ts:56:3 › every panel leaves loading — destination is links (357ms)
  ✓  49 [chromium] › e2e/shell.spec.ts:56:3 › every panel leaves loading — destination is tags (277ms)
  ✓  50 [chromium] › e2e/shell.spec.ts:56:3 › every panel leaves loading — destination is media (350ms)
  ✓  47 [chromium] › e2e/shell.spec.ts:56:3 › every panel leaves loading — destination is editor (2.8s)
  ✓  51 [chromium] › e2e/shell.spec.ts:56:3 › every panel leaves loading — destination is graph (566ms)
  ✓  53 [chromium] › e2e/shell.spec.ts:56:3 › every panel leaves loading — destination is capture (274ms)
  ✓  52 [chromium] › e2e/shell.spec.ts:56:3 › every panel leaves loading — destination is calendar (3.0s)
  ✓  55 [chromium] › e2e/shell.spec.ts:56:3 › every panel leaves loading — destination is type-convert (268ms)
  ✓  56 [chromium] › e2e/shell.spec.ts:56:3 › every panel leaves loading — destination is ai (286ms)
  ✓  54 [chromium] › e2e/shell.spec.ts:56:3 › every panel leaves loading — destination is import (2.9s)
  ✓  57 [chromium] › e2e/shell.spec.ts:56:3 › every panel leaves loading — destination is apple (297ms)
  ✓  58 [chromium] › e2e/shell.spec.ts:56:3 › every panel leaves loading — destination is safari (412ms)
  ✓  59 [chromium] › e2e/shell.spec.ts:65:1 › pinned rows are visible and enabled (578ms)
  ✓  60 [chromium] › e2e/shell.spec.ts:73:1 › clicking a pin stays on the shell (799ms)
  ✓  62 [chromium] › e2e/types.spec.ts:23:1 › type list and Books dashboard load from fixtures (593ms)
  ✓  61 [chromium] › e2e/types.spec.ts:4:1 › PARA starter pack surfaces Project, Area, Resource, and Archive (1.1s)
  ✓  64 [chromium] › e2e/types.spec.ts:49:1 › collections membership is surfaced as a vault JSON file (795ms)
  ✓  63 [chromium] › e2e/types.spec.ts:35:1 › collection tabs filter the Books list by vault membership (993ms)
  ✓  65 [chromium] › e2e/types.spec.ts:62:1 › pinned query results are visible from the live index (453ms)
  ✓  66 [chromium] › e2e/types.spec.ts:71:1 › type convert refuses Daily and keeps ObjectID stable (610ms)
  ✓  67 [chromium] › e2e/vault.spec.ts:4:1 › markdown round-trip input and serialized panes are visible (561ms)
  ✓  69 [chromium] › e2e/vault.spec.ts:18:1 › markdown documents are readable files not a database (324ms)
  ✓  68 [chromium] › e2e/vault.spec.ts:12:1 › markdown round-trip is stable (674ms)
  ✓  71 [chromium] › e2e/vault.spec.ts:55:1 › imported vault paths are .md files not a database (347ms)
  ✓  72 [chromium] › e2e/vault.spec.ts:68:1 › settings shows local Documents fallback and index never in the vault (677ms)
  ✓  70 [chromium] › e2e/vault.spec.ts:30:1 › import proof flags from demo-import are yes (1.5s)
  ✓  73 [chromium] › e2e/vault.spec.ts:80:1 › settings sync chip and live status load from demo-sync (676ms)
  ✓  74 [chromium] › e2e/work.spec.ts:4:1 › today and open task lists are visible (493ms)
  ✓  76 [chromium] › e2e/work.spec.ts:31:1 › media attachment paths live under media/ (1.3s)
  ✓  75 [chromium] › e2e/work.spec.ts:18:1 › tasks proof records page toggle completed without persisting checkbox clicks (1.9s)
  ✓  77 [chromium] › e2e/work.spec.ts:42:1 › clicking a calendar day updates selection to daily/<key>.md (815ms)
  ✓  78 [chromium] › e2e/work.spec.ts:59:1 › capture drain empties inbox and indexes on foreground only (541ms)

  78 passed (29.1s)
