[65625:65646:0813/130418.955068:ERROR:dbus/bus.cc:405] Failed to connect to the bus: Could not parse server address: Unknown address type (examples of valid types are "tcp" and on UNIX "unix")
[65625:65646:0813/130418.959634:ERROR:dbus/bus.cc:405] Failed to connect to the bus: Could not parse server address: Unknown address type (examples of valid types are "tcp" and on UNIX "unix")
[65625:65646:0813/130418.976753:ERROR:dbus/bus.cc:405] Failed to connect to the bus: Could not parse server address: Unknown address type (examples of valid types are "tcp" and on UNIX "unix")
[65625:65646:0813/130418.984895:ERROR:dbus/bus.cc:405] Failed to connect to the bus: Could not parse server address: Unknown address type (examples of valid types are "tcp" and on UNIX "unix")
[65625:65625:0813/130419.010936:ERROR:dbus/object_proxy.cc:572] Failed to call method: org.freedesktop.DBus.NameHasOwner: object_path= /org/freedesktop/DBus: unknown error type: 
[65625:65625:0813/130419.011040:ERROR:dbus/object_proxy.cc:572] Failed to call method: org.freedesktop.DBus.NameHasOwner: object_path= /org/freedesktop/DBus: unknown error type: 
[65625:65625:0813/130419.011654:ERROR:dbus/object_proxy.cc:572] Failed to call method: org.freedesktop.DBus.NameHasOwner: object_path= /org/freedesktop/DBus: unknown error type: 
[65625:65646:0813/130419.012019:ERROR:dbus/bus.cc:405] Failed to connect to the bus: Could not parse server address: Unknown address type (examples of valid types are "tcp" and on UNIX "unix")
[65625:65625:0813/130419.017874:ERROR:dbus/object_proxy.cc:572] Failed to call method: org.freedesktop.DBus.NameHasOwner: object_path= /org/freedesktop/DBus: unknown error type: 
[65625:65646:0813/130419.018635:ERROR:dbus/bus.cc:405] Failed to connect to the bus: Could not parse server address: Unknown address type (examples of valid types are "tcp" and on UNIX "unix")
[65625:65625:0813/130419.022865:ERROR:dbus/object_proxy.cc:572] Failed to call method: org.freedesktop.DBus.NameHasOwner: object_path= /org/freedesktop/DBus: unknown error type: 
[65625:65625:0813/130419.027245:ERROR:dbus/object_proxy.cc:572] Failed to call method: org.freedesktop.DBus.NameHasOwner: object_path= /org/freedesktop/DBus: unknown error type: 
[65625:65625:0813/130419.027943:ERROR:dbus/object_proxy.cc:572] Failed to call method: org.freedesktop.DBus.Properties.GetAll: object_path= /org/freedesktop/UPower/devices/DisplayDevice: org.freedesktop.DBus.Error.ServiceUnknown: The name org.freedesktop.UPower was not provided by any .service files
[65625:65646:0813/130419.028135:ERROR:dbus/bus.cc:405] Failed to connect to the bus: Could not parse server address: Unknown address type (examples of valid types are "tcp" and on UNIX "unix")
[65625:65625:0813/130419.033805:ERROR:dbus/object_proxy.cc:572] Failed to call method: org.freedesktop.DBus.NameHasOwner: object_path= /org/freedesktop/DBus: unknown error type: 
[65625:65646:0813/130419.037821:ERROR:dbus/bus.cc:405] Failed to connect to the bus: Could not parse server address: Unknown address type (examples of valid types are "tcp" and on UNIX "unix")
[65625:65625:0813/130419.039608:ERROR:dbus/object_proxy.cc:572] Failed to call method: org.freedesktop.DBus.NameHasOwner: object_path= /org/freedesktop/DBus: unknown error type: 
[65625:65646:0813/130419.039800:ERROR:dbus/bus.cc:405] Failed to connect to the bus: Could not parse server address: Unknown address type (examples of valid types are "tcp" and on UNIX "unix")
[65625:65625:0813/130419.043790:ERROR:dbus/object_proxy.cc:572] Failed to call method: org.freedesktop.DBus.NameHasOwner: object_path= /org/freedesktop/DBus: unknown error type: 
334168 bytes written to file evidence/pr25/harness.png
[65661:65668:0813/130419.645061:ERROR:gpu/command_buffer/service/shared_image/shared_image_manager.cc:386] SharedImageManager::ProduceMemory: Trying to Produce a Memory representation from a non-existent mailbox.
[65661:65668:0813/130419.645158:ERROR:gpu/command_buffer/service/shared_image/shared_image_manager.cc:386] SharedImageManager::ProduceMemory: Trying to Produce a Memory representation from a non-existent mailbox.
[65661:65668:0813/130419.645188:ERROR:gpu/command_buffer/service/shared_image/shared_image_manager.cc:386] SharedImageManager::ProduceMemory: Trying to Produce a Memory representation from a non-existent mailbox.
[65661:65668:0813/130419.645206:ERROR:gpu/command_buffer/service/shared_image/shared_image_manager.cc:386] SharedImageManager::ProduceMemory: Trying to Produce a Memory representation from a non-existent mailbox.
[65661:65668:0813/130419.645222:ERROR:gpu/command_buffer/service/shared_image/shared_image_manager.cc:386] SharedImageManager::ProduceMemory: Trying to Produce a Memory representation from a non-existent mailbox.
[65661:65668:0813/130419.645238:ERROR:gpu/command_buffer/service/shared_image/shared_image_manager.cc:386] SharedImageManager::ProduceMemory: Trying to Produce a Memory representation from a non-existent mailbox.
[65661:65668:0813/130419.645253:ERROR:gpu/command_buffer/service/shared_image/shared_image_manager.cc:386] SharedImageManager::ProduceMemory: Trying to Produce a Memory representation from a non-existent mailbox.
[65661:65668:0813/130419.645272:ERROR:gpu/command_buffer/service/shared_image/shared_image_manager.cc:386] SharedImageManager::ProduceMemory: Trying to Produce a Memory representation from a non-existent mailbox.
[65661:65668:0813/130419.645289:ERROR:gpu/command_buffer/service/shared_image/shared_image_manager.cc:386] SharedImageManager::ProduceMemory: Trying to Produce a Memory representation from a non-existent mailbox.
[65661:65668:0813/130419.645307:ERROR:gpu/command_buffer/service/shared_image/shared_image_manager.cc:386] SharedImageManager::ProduceMemory: Trying to Produce a Memory representation from a non-existent mailbox.
[65661:65668:0813/130419.645323:ERROR:gpu/command_buffer/service/shared_image/shared_image_manager.cc:386] SharedImageManager::ProduceMemory: Trying to Produce a Memory representation from a non-existent mailbox.
[65661:65668:0813/130419.645341:ERROR:gpu/command_buffer/service/shared_image/shared_image_manager.cc:386] SharedImageManager::ProduceMemory: Trying to Produce a Memory representation from a non-existent mailbox.
[65661:65668:0813/130419.645363:ERROR:gpu/command_buffer/service/shared_image/shared_image_manager.cc:386] SharedImageManager::ProduceMemory: Trying to Produce a Memory representation from a non-existent mailbox.
[65661:65668:0813/130419.645379:ERROR:gpu/command_buffer/service/shared_image/shared_image_manager.cc:386] SharedImageManager::ProduceMemory: Trying to Produce a Memory representation from a non-existent mailbox.
[65661:65668:0813/130419.645396:ERROR:gpu/command_buffer/service/shared_image/shared_image_manager.cc:386] SharedImageManager::ProduceMemory: Trying to Produce a Memory representation from a non-existent mailbox.
[65661:65668:0813/130419.645413:ERROR:gpu/command_buffer/service/shared_image/shared_image_manager.cc:386] SharedImageManager::ProduceMemory: Trying to Produce a Memory representation from a non-existent mailbox.
[65661:65668:0813/130419.645430:ERROR:gpu/command_buffer/service/shared_image/shared_image_manager.cc:386] SharedImageManager::ProduceMemory: Trying to Produce a Memory representation from a non-existent mailbox.
[65661:65668:0813/130419.645445:ERROR:gpu/command_buffer/service/shared_image/shared_image_manager.cc:386] SharedImageManager::ProduceMemory: Trying to Produce a Memory representation from a non-existent mailbox.
[65661:65668:0813/130419.645466:ERROR:gpu/command_buffer/service/shared_image/shared_image_manager.cc:386] SharedImageManager::ProduceMemory: Trying to Produce a Memory representation from a non-existent mailbox.
[65661:65668:0813/130419.645482:ERROR:gpu/command_buffer/service/shared_image/shared_image_manager.cc:386] SharedImageManager::ProduceMemory: Trying to Produce a Memory representation from a non-existent mailbox.
[65787:65808:0813/130419.737132:ERROR:dbus/bus.cc:405] Failed to connect to the bus: Could not parse server address: Unknown address type (examples of valid types are "tcp" and on UNIX "unix")
[65787:65808:0813/130419.741218:ERROR:dbus/bus.cc:405] Failed to connect to the bus: Could not parse server address: Unknown address type (examples of valid types are "tcp" and on UNIX "unix")
[65787:65808:0813/130419.758124:ERROR:dbus/bus.cc:405] Failed to connect to the bus: Could not parse server address: Unknown address type (examples of valid types are "tcp" and on UNIX "unix")
[65787:65808:0813/130419.768394:ERROR:dbus/bus.cc:405] Failed to connect to the bus: Could not parse server address: Unknown address type (examples of valid types are "tcp" and on UNIX "unix")
[65787:65787:0813/130419.795005:ERROR:dbus/object_proxy.cc:572] Failed to call method: org.freedesktop.DBus.NameHasOwner: object_path= /org/freedesktop/DBus: unknown error type: 
[65787:65808:0813/130419.795043:ERROR:dbus/bus.cc:405] Failed to connect to the bus: Could not parse server address: Unknown address type (examples of valid types are "tcp" and on UNIX "unix")
[65787:65787:0813/130419.795100:ERROR:dbus/object_proxy.cc:572] Failed to call method: org.freedesktop.DBus.NameHasOwner: object_path= /org/freedesktop/DBus: unknown error type: 
[65787:65787:0813/130419.795717:ERROR:dbus/object_proxy.cc:572] Failed to call method: org.freedesktop.DBus.NameHasOwner: object_path= /org/freedesktop/DBus: unknown error type: 
[65787:65787:0813/130419.803955:ERROR:dbus/object_proxy.cc:572] Failed to call method: org.freedesktop.DBus.NameHasOwner: object_path= /org/freedesktop/DBus: unknown error type: 
[65787:65808:0813/130419.804001:ERROR:dbus/bus.cc:405] Failed to connect to the bus: Could not parse server address: Unknown address type (examples of valid types are "tcp" and on UNIX "unix")
[65787:65787:0813/130419.809364:ERROR:dbus/object_proxy.cc:572] Failed to call method: org.freedesktop.DBus.NameHasOwner: object_path= /org/freedesktop/DBus: unknown error type: 
[65787:65787:0813/130419.815794:ERROR:dbus/object_proxy.cc:572] Failed to call method: org.freedesktop.DBus.NameHasOwner: object_path= /org/freedesktop/DBus: unknown error type: 
[65787:65808:0813/130419.815835:ERROR:dbus/bus.cc:405] Failed to connect to the bus: Could not parse server address: Unknown address type (examples of valid types are "tcp" and on UNIX "unix")
[65787:65787:0813/130419.819303:ERROR:dbus/object_proxy.cc:572] Failed to call method: org.freedesktop.DBus.Properties.GetAll: object_path= /org/freedesktop/UPower/devices/DisplayDevice: org.freedesktop.DBus.Error.ServiceUnknown: The name org.freedesktop.UPower was not provided by any .service files
[65787:65787:0813/130419.821969:ERROR:dbus/object_proxy.cc:572] Failed to call method: org.freedesktop.DBus.NameHasOwner: object_path= /org/freedesktop/DBus: unknown error type: 
[65787:65808:0813/130419.823447:ERROR:dbus/bus.cc:405] Failed to connect to the bus: Could not parse server address: Unknown address type (examples of valid types are "tcp" and on UNIX "unix")
[65787:65787:0813/130419.829166:ERROR:dbus/object_proxy.cc:572] Failed to call method: org.freedesktop.DBus.NameHasOwner: object_path= /org/freedesktop/DBus: unknown error type: 
[65787:65808:0813/130419.829212:ERROR:dbus/bus.cc:405] Failed to connect to the bus: Could not parse server address: Unknown address type (examples of valid types are "tcp" and on UNIX "unix")
[65787:65787:0813/130419.832674:ERROR:dbus/object_proxy.cc:572] Failed to call method: org.freedesktop.DBus.NameHasOwner: object_path= /org/freedesktop/DBus: unknown error type: 
