
Running 80 tests using 2 workers

(node:50305) Warning: The 'NO_COLOR' env is ignored due to the 'FORCE_COLOR' env being set.
(Use `node --trace-warnings ...` to show where the warning was created)
(node:50306) Warning: The 'NO_COLOR' env is ignored due to the 'FORCE_COLOR' env being set.
(Use `node --trace-warnings ...` to show where the warning was created)
  ✓   1 [chromium] › e2e/architecture.spec.ts:41:1 › demo fixtures never store the index inside the vault (128ms)
  ✓   3 [chromium] › e2e/architecture.spec.ts:159:1 › ai panel shows upload refused without opt-in (430ms)
  ✓   2 [chromium] › e2e/architecture.spec.ts:151:1 › daily panel shows the index is never in the vault (638ms)
  ✓   4 [chromium] › e2e/daily.spec.ts:4:1 › daily note uses deterministic daily/YYYY-MM-DD.md path (390ms)
  ✓   5 [chromium] › e2e/daily.spec.ts:10:1 › daily note logical id is rendered (515ms)
  ✓   6 [chromium] › e2e/daily.spec.ts:16:1 › idempotent ensure is yes (538ms)
  ✓   7 [chromium] › e2e/daily.spec.ts:22:1 › day nav prev/today/next match the rendered fixture (563ms)
  ✓   8 [chromium] › e2e/daily.spec.ts:32:1 › created-today list has rows (573ms)
  ✓  10 [chromium] › e2e/daily.spec.ts:48:1 › created-today does not rewrite daily.md (462ms)
  ✓   9 [chromium] › e2e/daily.spec.ts:37:1 › clicking a created-today row reveals detail (924ms)
  ✓  11 [chromium] › e2e/daily.spec.ts:56:1 › index is never stored in the vault (329ms)
  ✓  12 [chromium] › e2e/editor.spec.ts:4:1 › editor destination loads as an AST HTML preview (285ms)
  ✓  14 [chromium] › e2e/editor.spec.ts:25:1 › slash simulation list is visible (433ms)
  ✓  15 [chromium] › e2e/editor.spec.ts:35:1 › query embed does not store results in the body (302ms)
  ✓  16 [chromium] › e2e/editor.spec.ts:42:1 › block-to-object conversion inserts a wiki-link (495ms)
  ✓  13 [chromium] › e2e/editor.spec.ts:16:1 › rich block kinds list tables, toggles, and callouts (1.5s)
  ✓  17 [chromium] › e2e/integrations.spec.ts:4:1 › upload is refused without opt-in (308ms)
  ✓  18 [chromium] › e2e/integrations.spec.ts:12:1 › credentials live outside the vault (310ms)
  ✓  19 [chromium] › e2e/integrations.spec.ts:20:1 › event chrome does not rewrite daily.md (554ms)
  ✓  20 [chromium] › e2e/integrations.spec.ts:35:1 › meetings are created via ObjectServing (727ms)
  ✓  21 [chromium] › e2e/integrations.spec.ts:43:1 › apple index is never stored in the vault (585ms)
  ✓  22 [chromium] › e2e/integrations.spec.ts:51:1 › safari clipper uses the same Capture inbox (314ms)
  ✓  23 [chromium] › e2e/integrations.spec.ts:58:1 › weblink url property is rendered (291ms)
  ✓  24 [chromium] › e2e/integrations.spec.ts:66:1 › safari inbox is empty after drain (354ms)
  ✓  25 [chromium] › e2e/integrations.spec.ts:74:1 › safari index is never from the extension (301ms)
  ✓  26 [chromium] › e2e/integrations.spec.ts:83:1 › safari extracts page payload and menu bar is wired (561ms)
  ✓  27 [chromium] › e2e/retrieval.spec.ts:4:1 › backlinks list is visible on the links panel (508ms)
  ✓  28 [chromium] › e2e/retrieval.spec.ts:10:1 › graph has nodes from the links index (297ms)
  ✓  30 [chromium] › e2e/retrieval.spec.ts:26:1 › tag aliases are surfaced on the tags panel (543ms)
  ✓  29 [chromium] › e2e/retrieval.spec.ts:15:1 › clicking a graph node updates selection text (843ms)
  ✓  32 [chromium] › e2e/retrieval.spec.ts:43:1 › search index is never stored in the vault (441ms)
  ✓  31 [chromium] › e2e/retrieval.spec.ts:34:1 › search lists FTS hits from the demo fixture (619ms)
  ✓  33 [chromium] › e2e/shell.spec.ts:18:1 › default / loads Daily destination (302ms)
  ✓  34 [chromium] › e2e/shell.spec.ts:23:1 › shell chrome shows loci-shell, sidebar, detail, and inspector (324ms)
  ✓  35 [chromium] › e2e/shell.spec.ts:33:1 › ?panel=settings deep-links to settings destination (374ms)
  ✓  36 [chromium] › e2e/shell.spec.ts:39:3 › primary nav Daily switches destination to daily (980ms)
  ✓  37 [chromium] › e2e/shell.spec.ts:39:3 › primary nav Tasks switches destination to tasks (960ms)
  ✓  38 [chromium] › e2e/shell.spec.ts:39:3 › primary nav Search switches destination to search (887ms)
  ✓  39 [chromium] › e2e/shell.spec.ts:39:3 › primary nav Types switches destination to types (838ms)
  ✓  41 [chromium] › e2e/shell.spec.ts:56:3 › every panel leaves loading — destination is daily (353ms)
  ✓  40 [chromium] › e2e/shell.spec.ts:39:3 › primary nav Settings switches destination to settings (745ms)
  ✓  42 [chromium] › e2e/shell.spec.ts:56:3 › every panel leaves loading — destination is tasks (425ms)
  ✓  44 [chromium] › e2e/shell.spec.ts:56:3 › every panel leaves loading — destination is types (785ms)
  ✓  45 [chromium] › e2e/shell.spec.ts:56:3 › every panel leaves loading — destination is settings (520ms)
  ✓  46 [chromium] › e2e/shell.spec.ts:56:3 › every panel leaves loading — destination is gallery (601ms)
  ✓  47 [chromium] › e2e/shell.spec.ts:56:3 › every panel leaves loading — destination is markdown (334ms)
  ✓  43 [chromium] › e2e/shell.spec.ts:56:3 › every panel leaves loading — destination is search (2.7s)
  ✓  48 [chromium] › e2e/shell.spec.ts:56:3 › every panel leaves loading — destination is editor (567ms)
  ✓  49 [chromium] › e2e/shell.spec.ts:56:3 › every panel leaves loading — destination is links (366ms)
  ✓  50 [chromium] › e2e/shell.spec.ts:56:3 › every panel leaves loading — destination is tags (369ms)
  ✓  51 [chromium] › e2e/shell.spec.ts:56:3 › every panel leaves loading — destination is media (433ms)
  ✓  52 [chromium] › e2e/shell.spec.ts:56:3 › every panel leaves loading — destination is graph (602ms)
  ✓  53 [chromium] › e2e/shell.spec.ts:56:3 › every panel leaves loading — destination is calendar (599ms)
  ✓  54 [chromium] › e2e/shell.spec.ts:56:3 › every panel leaves loading — destination is capture (409ms)
  ✓  55 [chromium] › e2e/shell.spec.ts:56:3 › every panel leaves loading — destination is import (329ms)
  ✓  56 [chromium] › e2e/shell.spec.ts:56:3 › every panel leaves loading — destination is type-convert (313ms)
  ✓  57 [chromium] › e2e/shell.spec.ts:56:3 › every panel leaves loading — destination is ai (345ms)
  ✓  58 [chromium] › e2e/shell.spec.ts:56:3 › every panel leaves loading — destination is apple (502ms)
  ✓  59 [chromium] › e2e/shell.spec.ts:56:3 › every panel leaves loading — destination is safari (459ms)
  ✓  61 [chromium] › e2e/shell.spec.ts:73:1 › clicking a pin stays on the shell (822ms)
  ✓  62 [chromium] › e2e/types.spec.ts:4:1 › PARA starter pack surfaces Project, Area, Resource, and Archive (515ms)
  ✓  63 [chromium] › e2e/types.spec.ts:23:1 › type list and Books dashboard load from fixtures (397ms)
  ✓  60 [chromium] › e2e/shell.spec.ts:65:1 › pinned rows are visible and enabled (1.8s)
  ✓  64 [chromium] › e2e/types.spec.ts:35:1 › collection tabs filter the Books list by vault membership (956ms)
  ✓  65 [chromium] › e2e/types.spec.ts:49:1 › collections membership is surfaced as a vault JSON file (1.1s)
  ✓  67 [chromium] › e2e/types.spec.ts:71:1 › type convert refuses Daily and keeps ObjectID stable (321ms)
  ✓  66 [chromium] › e2e/types.spec.ts:62:1 › pinned query results are visible from the live index (626ms)
  ✓  68 [chromium] › e2e/vault.spec.ts:4:1 › markdown round-trip input and serialized panes are visible (303ms)
  ✓  69 [chromium] › e2e/vault.spec.ts:12:1 › markdown round-trip is stable (341ms)
  ✓  70 [chromium] › e2e/vault.spec.ts:18:1 › markdown documents are readable files not a database (317ms)
  ✓  72 [chromium] › e2e/vault.spec.ts:55:1 › imported vault paths are .md files not a database (621ms)
  ✓  71 [chromium] › e2e/vault.spec.ts:30:1 › import proof flags from demo-import are yes (813ms)
  ✓  73 [chromium] › e2e/vault.spec.ts:68:1 › settings shows local Documents fallback and index never in the vault (513ms)
  ✓  74 [chromium] › e2e/vault.spec.ts:80:1 › settings sync chip and live status load from demo-sync (472ms)
  ✓  76 [chromium] › e2e/work.spec.ts:18:1 › tasks proof records page toggle completed without persisting checkbox clicks (329ms)
  ✓  75 [chromium] › e2e/work.spec.ts:4:1 › today and open task lists are visible (524ms)
  ✓  77 [chromium] › e2e/work.spec.ts:31:1 › media attachment paths live under media/ (460ms)
  ✓  78 [chromium] › e2e/work.spec.ts:42:1 › media picker proofs are wired and note body stays vault-relative (593ms)
  ✓  80 [chromium] › e2e/work.spec.ts:74:1 › capture drain empties inbox and indexes on foreground only (579ms)
  ✓  79 [chromium] › e2e/work.spec.ts:57:1 › clicking a calendar day updates selection to daily/<key>.md (949ms)

  80 passed (23.9s)
